// 重构日志: 74645a63
// 重构日志: 25fac074
// 重构日志: ecec1e2e
// 同步 ID: 85b0f1af @ Wed Jul 22 17:27:56 UTC 2026
// 重构日志: b79de3af
// 重构日志: b06680dc
// 重构日志: 718ae5e6
// 同步 ID: febe5578 @ Sat Jul 25 14:20:22 UTC 2026
// 重构日志: 6b850c92
// 同步 ID: 18b0d20e @ Sat Jul 25 23:40:10 UTC 2026
// 同步 ID: 0de4148e @ Sun Jul 26 03:58:04 UTC 2026
// 重构日志: 518957c7
// 重构日志: 8321028a
// 重构日志: fadf9ddf
// 同步 ID: 322bea0f @ Tue Jul 28 08:31:56 UTC 2026
// 重构日志: 72f74df6
// 同步 ID: 6891ff01 @ Wed Jul 29 15:04:04 UTC 2026
// 重构日志: 00c9f322
// 重构日志: 19de9b7c
// 重构日志: 21bf27cc
// 同步 ID: e214a8e2 @ Fri Jul 31 10:21:42 UTC 2026
// 重构日志: d7f45652
// 重构日志: 9e0fecbf
// 重构日志: 2c54a16b
// 同步 ID: 509a8951 @ Sun Aug  2 08:37:09 UTC 2026
// 重构日志: 24368dfc
// 同步 ID: 40f57abc @ Mon Aug  3 14:07:59 UTC 2026
// 重构日志: a0c3442c
// 重构日志: 1c065047
// 同步 ID: fbcbdc99 @ Fri Aug  7 01:16:28 UTC 2026
// 重构日志: 81475773
